Archive member included to satisfy reference by file (symbol)

..\src\config\default\touch\lib\qtm_freq_hop_auto_cm0p_0x0004.X.a(sam_freq_hop_auto_x_cm0p.o)
                              build/default/production/_ext/162237794/touch.o (qtm_freq_hop_autotune)
..\src\config\default\touch\lib\qtm_touch_key_cm0p_0x0002.X.a(sam_touch_key_x_cm0p.o)
                              build/default/production/_ext/162237794/touch.o (qtm_update_qtlib_timer)
..\src\config\default\touch\lib\qtm_acq_samd21_0x0024.X.a(sam_acq_x_samd21.o)
                              build/default/production/_ext/162237794/touch.o (qtm_acquisition_process)
c:/program files/microchip/xc32/v4.45/bin/bin/../../lib/gcc/pic32c/8.3.1/../../../../pic32c/lib/thumb/v6-m/nofp\libpic32c.a(data_init.o)
                              build/default/production/_ext/1171490990/startup_xc32.o (__pic32c_data_initialization)
c:/program files/microchip/xc32/v4.45/bin/bin/../../lib/gcc/pic32c/8.3.1/../../../../pic32c/lib/thumb/v6-m/nofp\libc-size-musl.a(memcpy.o)
                              build/default/production/_ext/1593096446/plib_nvmctrl.o (memcpy)
c:/program files/microchip/xc32/v4.45/bin/bin/../../lib/gcc/pic32c/8.3.1/../../../../pic32c/lib/thumb/v6-m/nofp\libc-musl.a(__libc_start_main.o)
                              build/default/production/_ext/1171490990/startup_xc32.o (__libc_init_array)
c:/program files/microchip/xc32/v4.45/bin/bin/../../lib/gcc/pic32c/8.3.1/../../../../pic32c/lib/thumb/v6-m/nofp\libc-musl.a(libc.o)
                              c:/program files/microchip/xc32/v4.45/bin/bin/../../lib/gcc/pic32c/8.3.1/../../../../pic32c/lib/thumb/v6-m/nofp\libc-musl.a(__libc_start_main.o) (__progname_full)
c:/program files/microchip/xc32/v4.45/bin/bin/../../lib/gcc/pic32c/8.3.1/../../../../pic32c/lib/thumb/v6-m/nofp\libc-musl.a(__environ.o)
                              c:/program files/microchip/xc32/v4.45/bin/bin/../../lib/gcc/pic32c/8.3.1/../../../../pic32c/lib/thumb/v6-m/nofp\libc-musl.a(__libc_start_main.o) (__environ)
c:/program files/microchip/xc32/v4.45/bin/bin/../../lib/gcc/pic32c/8.3.1/thumb/v6-m/nofp\libgcc.a(_thumb1_case_uhi.o)
                              ..\src\config\default\touch\lib\qtm_acq_samd21_0x0024.X.a(sam_acq_x_samd21.o) (__gnu_thumb1_case_uhi)
c:/program files/microchip/xc32/v4.45/bin/bin/../../lib/gcc/pic32c/8.3.1/thumb/v6-m/nofp\libgcc.a(_aeabi_uldivmod.o)
                              build/default/production/_ext/504274921/plib_sercom0_usart.o (__aeabi_uldivmod)
c:/program files/microchip/xc32/v4.45/bin/bin/../../lib/gcc/pic32c/8.3.1/thumb/v6-m/nofp\libgcc.a(_udivmoddi4.o)
                              c:/program files/microchip/xc32/v4.45/bin/bin/../../lib/gcc/pic32c/8.3.1/thumb/v6-m/nofp\libgcc.a(_aeabi_uldivmod.o) (__udivmoddi4)
c:/program files/microchip/xc32/v4.45/bin/bin/../../lib/gcc/pic32c/8.3.1/thumb/v6-m/nofp\libgcc.a(_dvmd_tls.o)
                              c:/program files/microchip/xc32/v4.45/bin/bin/../../lib/gcc/pic32c/8.3.1/thumb/v6-m/nofp\libgcc.a(_aeabi_uldivmod.o) (__aeabi_ldiv0)
c:/program files/microchip/xc32/v4.45/bin/bin/../../lib/gcc/pic32c/8.3.1/thumb/v6-m/nofp\libgcc.a(_lshrdi3.o)
                              c:/program files/microchip/xc32/v4.45/bin/bin/../../lib/gcc/pic32c/8.3.1/thumb/v6-m/nofp\libgcc.a(_udivmoddi4.o) (__aeabi_llsr)
c:/program files/microchip/xc32/v4.45/bin/bin/../../lib/gcc/pic32c/8.3.1/thumb/v6-m/nofp\libgcc.a(_ashldi3.o)
                              c:/program files/microchip/xc32/v4.45/bin/bin/../../lib/gcc/pic32c/8.3.1/thumb/v6-m/nofp\libgcc.a(_udivmoddi4.o) (__aeabi_llsl)
c:/program files/microchip/xc32/v4.45/bin/bin/../../lib/gcc/pic32c/8.3.1/thumb/v6-m/nofp\libgcc.a(_clzdi2.o)
                              c:/program files/microchip/xc32/v4.45/bin/bin/../../lib/gcc/pic32c/8.3.1/thumb/v6-m/nofp\libgcc.a(_udivmoddi4.o) (__clzdi2)
c:/program files/microchip/xc32/v4.45/bin/bin/../../lib/gcc/pic32c/8.3.1/thumb/v6-m/nofp\libgcc.a(_clzsi2.o)
                              c:/program files/microchip/xc32/v4.45/bin/bin/../../lib/gcc/pic32c/8.3.1/thumb/v6-m/nofp\libgcc.a(_clzdi2.o) (__clzsi2)

Allocating common symbols
Common symbol       size              file

p_qtm_drivenshield_config
                    0x4               ..\src\config\default\touch\lib\qtm_acq_samd21_0x0024.X.a(sam_acq_x_samd21.o)
qtm_acquisition_control_working_set_ptr
                    0x4               ..\src\config\default\touch\lib\qtm_acq_samd21_0x0024.X.a(sam_acq_x_samd21.o)
qtm_raw_data_measurements_ptr
                    0x4               ..\src\config\default\touch\lib\qtm_acq_samd21_0x0024.X.a(sam_acq_x_samd21.o)
c:/program files/microchip/xc32/v4.45/bin/bin/../../lib/gcc/pic32c/8.3.1/../../../../pic32c/lib/thumb/v6-m/nofp\libpic32c.a(pic32_data_init_clear.o)
                              (__dinit_clear_needed)
c:/program files/microchip/xc32/v4.45/bin/bin/../../lib/gcc/pic32c/8.3.1/../../../../pic32c/lib/thumb/v6-m/nofp\libpic32c.a(pic32_data_init_copy.o)
[...]
Memory Configuration

Name             Origin             Length             Attributes
rom              0x0000000000000000 0x0000000000020000 xrl
ram              0x0000000020000000 0x0000000000004000 xw !r
config_00804000  0x0000000000804000 0x0000000000000004
config_00804004  0x0000000000804004 0x0000000000000004
*default*        0x0000000000000000 0xffffffffffffffff

Linker script and memory map

LOAD c:/program files/microchip/xc32/v4.45/bin/bin/../../lib/gcc/pic32c/8.3.1/thumb/v6-m/nofp/crti.o
LOAD c:/program files/microchip/xc32/v4.45/bin/bin/../../lib/gcc/pic32c/8.3.1/thumb/v6-m/nofp/crtbegin.o
LOAD build/default/production/_ext/1984496892/plib_clock.o
LOAD build/default/production/_ext/1986646378/plib_evsys.o
LOAD build/default/production/_ext/1865468468/plib_nvic.o
LOAD build/default/production/_ext/1593096446/plib_nvmctrl.o
LOAD build/default/production/_ext/1865521619/plib_port.o
LOAD build/default/production/_ext/60180175/plib_rtc_timer.o
LOAD build/default/production/_ext/504274921/plib_sercom0_usart.o
LOAD build/default/production/_ext/504274921/plib_sercom2_usart.o
LOAD build/default/production/_ext/163028504/xc32_monitor.o
LOAD build/default/production/_ext/162237794/touchTune.o
LOAD build/default/production/_ext/162237794/touch.o
LOAD build/default/production/_ext/162237794/touch_example.o
LOAD build/default/production/_ext/1171490990/startup_xc32.o
LOAD build/default/production/_ext/1171490990/interrupts.o
LOAD build/default/production/_ext/1171490990/exceptions.o
LOAD build/default/production/_ext/1171490990/libc_syscalls.o
LOAD build/default/production/_ext/1171490990/initialization.o
LOAD build/default/production/_ext/1360937237/main.o
LOAD ..\src\config\default\touch\lib\qtm_freq_hop_auto_cm0p_0x0004.X.a
LOAD ..\src\config\default\touch\lib\qtm_touch_key_cm0p_0x0002.X.a
LOAD ..\src\config\default\touch\lib\qtm_freq_hop_cm0p_0x0006.X.a
LOAD ..\src\config\default\touch\lib\qtm_acq_samd21_0x0024.X.a
                0x0000000000000001                __MPLAB_BUILD = 0x1
                0x0000000000020000                __rom_end = (ORIGIN (rom) + LENGTH (rom))
                0x0000000020004000                __ram_end = (ORIGIN (ram) + LENGTH (ram))

.config_00804000
 *(.config_00804000)

.config_00804004
 *(.config_00804004)

.vectors        0x0000000000000000       0xb8
                0x0000000000000000                . = ALIGN (0x4)
                0x0000000000000000                _sfixed = .
 *(.vectors .vectors.* .vectors_default .vectors_default.*)
 .vectors.exception_table
                0x0000000000000000       0xb8 build/default/production/_ext/1171490990/interrupts.o
                0x0000000000000000                exception_table
 *(.isr_vector)
 *(.reset*)
 *(.after_vectors)

.text           0x00000000000000b8       0x20
                0x00000000000000b8                . = ALIGN (0x4)
 *(.glue_7t)
 .glue_7t       0x00000000000000b8        0x0 linker stubs
 *(.glue_7)
 .glue_7        0x00000000000000b8        0x0 linker stubs
 *(.gnu.linkonce.r.*)
 *(.ARM.extab* .gnu.linkonce.armextab.*)
                0x00000000000000b8                . = ALIGN (0x4)
 *(.init)
 .init          0x00000000000000b8        0x4 c:/program files/microchip/xc32/v4.45/bin/bin/../../lib/gcc/pic32c/8.3.1/thumb/v6-m/nofp/crti.o
                0x00000000000000b8                _init
 .init          0x00000000000000bc        0x8 c:/program files/microchip/xc32/v4.45/bin/bin/../../lib/gcc/pic32c/8.3.1/thumb/v6-m/nofp/crtn.o
                0x00000000000000c4                . = ALIGN (0x4)
                0x00000000000000c4                __preinit_array_start = .
 *(.preinit_array)
                0x00000000000000c4                __preinit_array_end = .
                0x00000000000000c4                . = ALIGN (0x4)
                0x00000000000000c4                __init_array_start = .
 *(SORT_BY_NAME(.init_array.*))
 *(.init_array)
 .init_array    0x00000000000000c4        0x4 c:/program files/microchip/xc32/v4.45/bin/bin/../../lib/gcc/pic32c/8.3.1/thumb/v6-m/nofp/crtbegin.o
                0x00000000000000c8                __init_array_end = .
                0x00000000000000c8                . = ALIGN (0x4)
 *crtbegin.o(.ctors)
 *(EXCLUDE_FILE(*crtend.o) .ctors)
 *(SORT_BY_NAME(.ctors.*))
 *crtend.o(.ctors)
                0x00000000000000c8                . = ALIGN (0x4)
 *(.fini)
 .fini          0x00000000000000c8        0x4 c:/program files/microchip/xc32/v4.45/bin/bin/../../lib/gcc/pic32c/8.3.1/thumb/v6-m/nofp/crti.o
                0x00000000000000c8                _fini
 .fini          0x00000000000000cc        0x8 c:/program files/microchip/xc32/v4.45/bin/bin/../../lib/gcc/pic32c/8.3.1/thumb/v6-m/nofp/crtn.o
                0x00000000000000d4                . = ALIGN (0x4)
                0x00000000000000d4                __fini_array_start = .
 *(.fini_array)
 .fini_array    0x00000000000000d4        0x4 c:/program files/microchip/xc32/v4.45/bin/bin/../../lib/gcc/pic32c/8.3.1/thumb/v6-m/nofp/crtbegin.o
 *(SORT_BY_NAME(.fini_array.*))
                0x00000000000000d8                __fini_array_end = .
 *crtbegin.o(.dtors)
 *(EXCLUDE_FILE(*crtend.o) .dtors)
 *(SORT_BY_NAME(.dtors.*))
 *crtend.o(.dtors)
                0x00000000000000d8                . = ALIGN (0x4)
                0x00000000000000d8                _efixed = .
                [!provide]                        PROVIDE (__exidx_start = .)

.ARM.exidx
 *(.ARM.exidx* .gnu.linkonce.armexidx.*)
                [!provide]                        PROVIDE (__exidx_end = .)
                0x00000000000000d8                . = ALIGN (0x4)
                0x00000000000000d8                _etext = .

.bss            0x0000000020000000        0xc
                0x0000000020000000                . = ALIGN (0x4)
                0x0000000020000000                __bss_start__ = .
                0x0000000020000000                _sbss = .
                0x0000000020000000                _szero = .
 *(COMMON)
 COMMON         0x0000000020000000        0xc ..\src\config\default\touch\lib\qtm_acq_samd21_0x0024.X.a(sam_acq_x_samd21.o)
                0x0000000020000000                p_qtm_drivenshield_config
                0x0000000020000004                qtm_acquisition_control_working_set_ptr
                0x0000000020000008                qtm_raw_data_measurements_ptr
                0x000000002000000c                . = ALIGN (0x4)
                0x000000002000000c                __bss_end__ = .
                0x000000002000000c                _ebss = .
                0x000000002000000c                _ezero = .
                0x000000002000000c                . = ALIGN (0x4)
                0x000000002000000c                _end = .
                0x0000000020003fff                _ram_end_ = ((ORIGIN (ram) + LENGTH (ram)) - 0x1)
                0x0000000000000200                _min_heap_size = 0x200
START GROUP
LOAD c:/program files/microchip/xc32/v4.45/bin/bin/../../lib/gcc/pic32c/8.3.1/../../../../pic32c/lib/thumb/v6-m/nofp\libpic32c.a
LOAD c:/program files/microchip/xc32/v4.45/bin/bin/../../lib/gcc/pic32c/8.3.1/../../../../pic32c/lib/thumb/v6-m/nofp\libc-size-musl.a
LOAD c:/program files/microchip/xc32/v4.45/bin/bin/../../lib/gcc/pic32c/8.3.1/../../../../pic32c/lib/thumb/v6-m/nofp\liblmalloc-musl.a
LOAD c:/program files/microchip/xc32/v4.45/bin/bin/../../lib/gcc/pic32c/8.3.1/../../../../pic32c/lib/thumb/v6-m/nofp\libm-fast-emfloat.a
LOAD c:/program files/microchip/xc32/v4.45/bin/bin/../../lib/gcc/pic32c/8.3.1/../../../../pic32c/lib/thumb/v6-m/nofp\libm-musl.a
LOAD c:/program files/microchip/xc32/v4.45/bin/bin/../../lib/gcc/pic32c/8.3.1/../../../../pic32c/lib/thumb/v6-m/nofp\libc-musl.a
LOAD c:/program files/microchip/xc32/v4.45/bin/bin/../../lib/gcc/pic32c/8.3.1/../../../../pic32c/lib/thumb/v6-m/nofp\libm-fast-emfloat.a
LOAD c:/program files/microchip/xc32/v4.45/bin/bin/../../lib/gcc/pic32c/8.3.1/../../../../pic32c/lib/thumb/v6-m/nofp\libm-musl.a
LOAD c:/program files/microchip/xc32/v4.45/bin/bin/../../lib/gcc/pic32c/8.3.1/thumb/v6-m/nofp\libgcc.a
END GROUP
LOAD c:/program files/microchip/xc32/v4.45/bin/bin/../../lib/gcc/pic32c/8.3.1/thumb/v6-m/nofp/crtend.o
LOAD c:/program files/microchip/xc32/v4.45/bin/bin/../../lib/gcc/pic32c/8.3.1/thumb/v6-m/nofp/crtn.o
OUTPUT(dist/default/production/Touchscreen_Firmware_V6.7.X.production.elf elf32-littlearm)
LOAD data_init
LOAD stack

.ARM.attributes
                0x0000000000000000       0x2c
 .ARM.attributes
                0x0000000000000000       0x1e c:/program files/microchip/xc32/v4.45/bin/bin/../../lib/gcc/pic32c/8.3.1/thumb/v6-m/nofp/crti.o
 .ARM.attributes
                0x000000000000001e       0x2c c:/program files/microchip/xc32/v4.45/bin/bin/../../lib/gcc/pic32c/8.3.1/thumb/v6-m/nofp/crtbegin.o
 .ARM.attributes
                0x000000000000004a       0x2c build/default/production/_ext/1984496892/plib_clock.o
 .ARM.attributes
                0x0000000000000076       0x2c build/default/production/_ext/1986646378/plib_evsys.o
 .ARM.attributes
                0x00000000000000a2       0x2c build/default/production/_ext/1865468468/plib_nvic.o
 .ARM.attributes
                0x00000000000000ce       0x2c build/default/production/_ext/1593096446/plib_nvmctrl.o
 .ARM.attributes
                0x00000000000000fa       0x2c build/default/production/_ext/1865521619/plib_port.o
 .ARM.attributes
                0x0000000000000126       0x2c build/default/production/_ext/60180175/plib_rtc_timer.o
 .ARM.attributes
                0x0000000000000152       0x2c build/default/production/_ext/504274921/plib_sercom0_usart.o
 .ARM.attributes
                0x000000000000017e       0x2c build/default/production/_ext/504274921/plib_sercom2_usart.o
 .ARM.attributes
                0x00000000000001aa       0x2c build/default/production/_ext/162237794/touchTune.o
 .ARM.attributes
                0x00000000000001d6       0x2c build/default/production/_ext/162237794/touch.o
 .ARM.attributes
                0x0000000000000202       0x2c build/default/production/_ext/1171490990/startup_xc32.o
 .ARM.attributes
                0x000000000000022e       0x2c build/default/production/_ext/1171490990/interrupts.o
 .ARM.attributes
                0x000000000000025a       0x2c build/default/production/_ext/1171490990/exceptions.o
 .ARM.attributes
                0x0000000000000286       0x2c build/default/production/_ext/1171490990/initialization.o
 .ARM.attributes
                0x00000000000002b2       0x2c build/default/production/_ext/1360937237/main.o
 .ARM.attributes
                0x00000000000002de       0x2c ..\src\config\default\touch\lib\qtm_freq_hop_auto_cm0p_0x0004.X.a(sam_freq_hop_auto_x_cm0p.o)
 .ARM.attributes
                0x000000000000030a       0x2c ..\src\config\default\touch\lib\qtm_touch_key_cm0p_0x0002.X.a(sam_touch_key_x_cm0p.o)
 .ARM.attributes
                0x0000000000000336       0x2c ..\src\config\default\touch\lib\qtm_acq_samd21_0x0024.X.a(sam_acq_x_samd21.o)
 .ARM.attributes
                0x0000000000000362       0x2c c:/program files/microchip/xc32/v4.45/bin/bin/../../lib/gcc/pic32c/8.3.1/../../../../pic32c/lib/thumb/v6-m/nofp\libpic32c.a(data_init.o)
 .ARM.attributes
                0x000000000000038e       0x2e c:/program files/microchip/xc32/v4.45/bin/bin/../../lib/gcc/pic32c/8.3.1/../../../../pic32c/lib/thumb/v6-m/nofp\libc-musl.a(__libc_start_main.o)
 .ARM.attributes
                0x00000000000003bc       0x2e c:/program files/microchip/xc32/v4.45/bin/bin/../../lib/gcc/pic32c/8.3.1/../../../../pic32c/lib/thumb/v6-m/nofp\libc-musl.a(libc.o)
 .ARM.attributes
                0x00000000000003ea       0x2e c:/program files/microchip/xc32/v4.45/bin/bin/../../lib/gcc/pic32c/8.3.1/../../../../pic32c/lib/thumb/v6-m/nofp\libc-musl.a(__environ.o)
 .ARM.attributes
                0x0000000000000418       0x1e c:/program files/microchip/xc32/v4.45/bin/bin/../../lib/gcc/pic32c/8.3.1/thumb/v6-m/nofp\libgcc.a(_thumb1_case_uhi.o)
 .ARM.attributes
                0x0000000000000436       0x1e c:/program files/microchip/xc32/v4.45/bin/bin/../../lib/gcc/pic32c/8.3.1/thumb/v6-m/nofp/crtn.o
 .ARM.attributes
                0x0000000000000454       0x2c c:/program files/microchip/xc32/v4.45/bin/bin/../../lib/gcc/pic32c/8.3.1/../../../../pic32c/lib/thumb/v6-m/nofp\libpic32c.a(pic32_data_init_clear.o)
 .ARM.attributes
                0x0000000000000480       0x2c c:/program files/microchip/xc32/v4.45/bin/bin/../../lib/gcc/pic32c/8.3.1/../../../../pic32c/lib/thumb/v6-m/nofp\libpic32c.a(pic32_data_init_copy.o)

.comment        0x0000000000000000       0xa3
 .comment       0x0000000000000000       0x2b c:/program files/microchip/xc32/v4.45/bin/bin/../../lib/gcc/pic32c/8.3.1/thumb/v6-m/nofp/crtbegin.o
                                         0x2c (size before relaxing)
 .comment       0x000000000000002b       0x2c build/default/production/_ext/1984496892/plib_clock.o
 .comment       0x000000000000002b       0x2c build/default/production/_ext/1986646378/plib_evsys.o
 .comment       0x000000000000002b       0x2c build/default/production/_ext/1865468468/plib_nvic.o
 .comment       0x000000000000002b       0x2c build/default/production/_ext/1593096446/plib_nvmctrl.o
 .comment       0x000000000000002b       0x2c build/default/production/_ext/1865521619/plib_port.o
 .comment       0x000000000000002b       0x2c build/default/production/_ext/60180175/plib_rtc_timer.o
 .comment       0x000000000000002b       0x2c build/default/production/_ext/504274921/plib_sercom0_usart.o
 .comment       0x000000000000002b       0x2c build/default/production/_ext/504274921/plib_sercom2_usart.o
 .comment       0x000000000000002b       0x2c build/default/production/_ext/162237794/touchTune.o
 .comment       0x000000000000002b       0x2c build/default/production/_ext/162237794/touch.o
 .comment       0x000000000000002b       0x2c build/default/production/_ext/1171490990/startup_xc32.o
 .comment       0x000000000000002b       0x2c build/default/production/_ext/1171490990/interrupts.o
 .comment       0x000000000000002b       0x2c build/default/production/_ext/1171490990/exceptions.o
 .comment       0x000000000000002b       0x2c build/default/production/_ext/1171490990/initialization.o
 .comment       0x000000000000002b       0x2c build/default/production/_ext/1360937237/main.o
 .comment       0x000000000000002b       0x3c ..\src\config\default\touch\lib\qtm_freq_hop_auto_cm0p_0x0004.X.a(sam_freq_hop_auto_x_cm0p.o)
                                         0x3d (size before relaxing)
 .comment       0x0000000000000067       0x3d ..\src\config\default\touch\lib\qtm_touch_key_cm0p_0x0002.X.a(sam_touch_key_x_cm0p.o)
 .comment       0x0000000000000067       0x3c ..\src\config\default\touch\lib\qtm_acq_samd21_0x0024.X.a(sam_acq_x_samd21.o)
                                         0x3d (size before relaxing)
 .comment       0x00000000000000a3       0x2c c:/program files/microchip/xc32/v4.45/bin/bin/../../lib/gcc/pic32c/8.3.1/../../../../pic32c/lib/thumb/v6-m/nofp\libpic32c.a(data_init.o)
 .comment       0x00000000000000a3       0x2c c:/program files/microchip/xc32/v4.45/bin/bin/../../lib/gcc/pic32c/8.3.1/../../../../pic32c/lib/thumb/v6-m/nofp\libc-musl.a(__libc_start_main.o)
 .comment       0x00000000000000a3       0x2c c:/program files/microchip/xc32/v4.45/bin/bin/../../lib/gcc/pic32c/8.3.1/../../../../pic32c/lib/thumb/v6-m/nofp\libc-musl.a(libc.o)
 .comment       0x00000000000000a3       0x2c c:/program files/microchip/xc32/v4.45/bin/bin/../../lib/gcc/pic32c/8.3.1/../../../../pic32c/lib/thumb/v6-m/nofp\libc-musl.a(__environ.o)
 .comment       0x00000000000000a3       0x2c c:/program files/microchip/xc32/v4.45/bin/bin/../../lib/gcc/pic32c/8.3.1/../../../../pic32c/lib/thumb/v6-m/nofp\libpic32c.a(pic32_data_init_clear.o)
 .comment       0x00000000000000a3       0x2c c:/program files/microchip/xc32/v4.45/bin/bin/../../lib/gcc/pic32c/8.3.1/../../../../pic32c/lib/thumb/v6-m/nofp\libpic32c.a(pic32_data_init_copy.o)

.debug_info     0x0000000000000000     0x816b
 .debug_info    0x0000000000000000      0x5ef build/default/production/_ext/1984496892/plib_clock.o
 .debug_info    0x00000000000005ef      0x27c build/default/production/_ext/1986646378/plib_evsys.o
 .debug_info    0x000000000000086b      0x88c build/default/production/_ext/1865468468/plib_nvic.o
 .debug_info    0x00000000000010f7      0x6d8 build/default/production/_ext/1593096446/plib_nvmctrl.o
 .debug_info    0x00000000000017cf      0x6dd build/default/production/_ext/1865521619/plib_port.o
 .debug_info    0x0000000000001eac      0x73e build/default/production/_ext/60180175/plib_rtc_timer.o
 .debug_info    0x00000000000025ea     0x118a build/default/production/_ext/504274921/plib_sercom0_usart.o
 .debug_info    0x0000000000003774     0x118a build/default/production/_ext/504274921/plib_sercom2_usart.o
 .debug_info    0x00000000000048fe     0x11c7 build/default/production/_ext/162237794/touchTune.o
 .debug_info    0x0000000000005ac5     0x1526 build/default/production/_ext/162237794/touch.o
 .debug_info    0x0000000000006feb      0x205 build/default/production/_ext/1171490990/startup_xc32.o
 .debug_info    0x00000000000071f0      0x3d2 build/default/production/_ext/1171490990/interrupts.o
 .debug_info    0x00000000000075c2       0xba build/default/production/_ext/1171490990/exceptions.o
 .debug_info    0x000000000000767c      0x2f3 build/default/production/_ext/1171490990/initialization.o
 .debug_info    0x000000000000796f       0xfb build/default/production/_ext/1360937237/main.o
 .debug_info    0x0000000000007a6a       0x54 c:/program files/microchip/xc32/v4.45/bin/bin/../../lib/gcc/pic32c/8.3.1/../../../../pic32c/lib/thumb/v6-m/nofp\libpic32c.a(data_init.o)
 .debug_info    0x0000000000007abe      0x2fb c:/program files/microchip/xc32/v4.45/bin/bin/../../lib/gcc/pic32c/8.3.1/../../../../pic32c/lib/thumb/v6-m/nofp\libc-musl.a(__libc_start_main.o)
 .debug_info    0x0000000000007db9      0x276 c:/program files/microchip/xc32/v4.45/bin/bin/../../lib/gcc/pic32c/8.3.1/../../../../pic32c/lib/thumb/v6-m/nofp\libc-musl.a(libc.o)
 .debug_info    0x000000000000802f       0x97 c:/program files/microchip/xc32/v4.45/bin/bin/../../lib/gcc/pic32c/8.3.1/../../../../pic32c/lib/thumb/v6-m/nofp\libc-musl.a(__environ.o)
 .debug_info    0x00000000000080c6       0x26 c:/program files/microchip/xc32/v4.45/bin/bin/../../lib/gcc/pic32c/8.3.1/thumb/v6-m/nofp\libgcc.a(_thumb1_case_uhi.o)
 .debug_info    0x00000000000080ec       0x3f c:/program files/microchip/xc32/v4.45/bin/bin/../../lib/gcc/pic32c/8.3.1/../../../../pic32c/lib/thumb/v6-m/nofp\libpic32c.a(pic32_data_init_clear.o)
 .debug_info    0x000000000000812b       0x40 c:/program files/microchip/xc32/v4.45/bin/bin/../../lib/gcc/pic32c/8.3.1/../../../../pic32c/lib/thumb/v6-m/nofp\libpic32c.a(pic32_data_init_copy.o)

.debug_abbrev   0x0000000000000000     0x1d19
 .debug_abbrev  0x0000000000000000      0x138 build/default/production/_ext/1984496892/plib_clock.o
 .debug_abbrev  0x0000000000000138      0x101 build/default/production/_ext/1986646378/plib_evsys.o
 .debug_abbrev  0x0000000000000239      0x271 build/default/production/_ext/1865468468/plib_nvic.o
 .debug_abbrev  0x00000000000004aa      0x1af build/default/production/_ext/1593096446/plib_nvmctrl.o
 .debug_abbrev  0x0000000000000659      0x1cd build/default/production/_ext/1865521619/plib_port.o
 .debug_abbrev  0x0000000000000826      0x1ef build/default/production/_ext/60180175/plib_rtc_timer.o
 .debug_abbrev  0x0000000000000a15      0x318 build/default/production/_ext/504274921/plib_sercom0_usart.o
 .debug_abbrev  0x0000000000000d2d      0x318 build/default/production/_ext/504274921/plib_sercom2_usart.o
 .debug_abbrev  0x0000000000001045      0x322 build/default/production/_ext/162237794/touchTune.o
 .debug_abbrev  0x0000000000001367      0x2fe build/default/production/_ext/162237794/touch.o
 .debug_abbrev  0x0000000000001665      0x118 build/default/production/_ext/1171490990/startup_xc32.o
 .debug_abbrev  0x000000000000177d       0xc0 build/default/production/_ext/1171490990/interrupts.o
 .debug_abbrev  0x000000000000183d       0x49 build/default/production/_ext/1171490990/exceptions.o
 .debug_abbrev  0x0000000000001886       0xf4 build/default/production/_ext/1171490990/initialization.o
 .debug_abbrev  0x000000000000197a       0x82 build/default/production/_ext/1360937237/main.o
 .debug_abbrev  0x00000000000019fc       0x44 c:/program files/microchip/xc32/v4.45/bin/bin/../../lib/gcc/pic32c/8.3.1/../../../../pic32c/lib/thumb/v6-m/nofp\libpic32c.a(data_init.o)
 .debug_abbrev  0x0000000000001a40      0x133 c:/program files/microchip/xc32/v4.45/bin/bin/../../lib/gcc/pic32c/8.3.1/../../../../pic32c/lib/thumb/v6-m/nofp\libc-musl.a(__libc_start_main.o)
 .debug_abbrev  0x0000000000001b73       0xd4 c:/program files/microchip/xc32/v4.45/bin/bin/../../lib/gcc/pic32c/8.3.1/../../../../pic32c/lib/thumb/v6-m/nofp\libc-musl.a(libc.o)
 .debug_abbrev  0x0000000000001c47       0x62 c:/program files/microchip/xc32/v4.45/bin/bin/../../lib/gcc/pic32c/8.3.1/../../../../pic32c/lib/thumb/v6-m/nofp\libc-musl.a(__environ.o)
 .debug_abbrev  0x0000000000001ca9       0x14 c:/program files/microchip/xc32/v4.45/bin/bin/../../lib/gcc/pic32c/8.3.1/thumb/v6-m/nofp\libgcc.a(_thumb1_case_uhi.o)
 .debug_abbrev  0x0000000000001cbd       0x2e c:/program files/microchip/xc32/v4.45/bin/bin/../../lib/gcc/pic32c/8.3.1/../../../../pic32c/lib/thumb/v6-m/nofp\libpic32c.a(pic32_data_init_clear.o)
 .debug_abbrev  0x0000000000001ceb       0x2e c:/program files/microchip/xc32/v4.45/bin/bin/../../lib/gcc/pic32c/8.3.1/../../../../pic32c/lib/thumb/v6-m/nofp\libpic32c.a(pic32_data_init_copy.o)

.debug_loc      0x0000000000000000     0x28ec
 .debug_loc     0x0000000000000000       0x31 build/default/production/_ext/1984496892/plib_clock.o
 .debug_loc     0x0000000000000031       0x79 build/default/production/_ext/1986646378/plib_evsys.o
 .debug_loc     0x00000000000000aa      0x223 build/default/production/_ext/1865468468/plib_nvic.o
 .debug_loc     0x00000000000002cd      0x665 build/default/production/_ext/1593096446/plib_nvmctrl.o
 .debug_loc     0x0000000000000932      0x246 build/default/production/_ext/1865521619/plib_port.o
 .debug_loc     0x0000000000000b78       0x4a build/default/production/_ext/60180175/plib_rtc_timer.o
 .debug_loc     0x0000000000000bc2      0x7a3 build/default/production/_ext/504274921/plib_sercom0_usart.o
 .debug_loc     0x0000000000001365      0x7a3 build/default/production/_ext/504274921/plib_sercom2_usart.o
 .debug_loc     0x0000000000001b08      0x993 build/default/production/_ext/162237794/touchTune.o
 .debug_loc     0x000000000000249b      0x346 build/default/production/_ext/162237794/touch.o
 .debug_loc     0x00000000000027e1       0x20 build/default/production/_ext/1171490990/startup_xc32.o
 .debug_loc     0x0000000000002801       0x45 build/default/production/_ext/1171490990/initialization.o
 .debug_loc     0x0000000000002846       0x20 build/default/production/_ext/1360937237/main.o
 .debug_loc     0x0000000000002866       0x14 c:/program files/microchip/xc32/v4.45/bin/bin/../../lib/gcc/pic32c/8.3.1/../../../../pic32c/lib/thumb/v6-m/nofp\libpic32c.a(data_init.o)
 .debug_loc     0x000000000000287a       0x5e c:/program files/microchip/xc32/v4.45/bin/bin/../../lib/gcc/pic32c/8.3.1/../../../../pic32c/lib/thumb/v6-m/nofp\libc-musl.a(__libc_start_main.o)
 .debug_loc     0x00000000000028d8       0x14 c:/program files/microchip/xc32/v4.45/bin/bin/../../lib/gcc/pic32c/8.3.1/../../../../pic32c/lib/thumb/v6-m/nofp\libpic32c.a(pic32_data_init_copy.o)

.debug_aranges  0x0000000000000000      0x6d0
 .debug_aranges
                0x0000000000000000       0x20 build/default/production/_ext/1984496892/plib_clock.o
 .debug_aranges
                0x0000000000000020       0x40 build/default/production/_ext/1986646378/plib_evsys.o
 .debug_aranges
                0x0000000000000060       0x48 build/default/production/_ext/1865468468/plib_nvic.o
 .debug_aranges
                0x00000000000000a8       0xa0 build/default/production/_ext/1593096446/plib_nvmctrl.o
 .debug_aranges
                0x0000000000000148       0x70 build/default/production/_ext/1865521619/plib_port.o
 .debug_aranges
                0x00000000000001b8       0x78 build/default/production/_ext/60180175/plib_rtc_timer.o
 .debug_aranges
                0x0000000000000230       0xe0 build/default/production/_ext/504274921/plib_sercom0_usart.o
 .debug_aranges
                0x0000000000000310       0xe0 build/default/production/_ext/504274921/plib_sercom2_usart.o
 .debug_aranges
                0x00000000000003f0       0xb8 build/default/production/_ext/162237794/touchTune.o
 .debug_aranges
                0x00000000000004a8       0x98 build/default/production/_ext/162237794/touch.o
 .debug_aranges
                0x0000000000000540       0x28 build/default/production/_ext/1171490990/startup_xc32.o
 .debug_aranges
                0x0000000000000568       0x20 build/default/production/_ext/1171490990/interrupts.o
 .debug_aranges
                0x0000000000000588       0x28 build/default/production/_ext/1171490990/exceptions.o
 .debug_aranges
                0x00000000000005b0       0x20 build/default/production/_ext/1171490990/initialization.o
 .debug_aranges
                0x00000000000005d0       0x20 build/default/production/_ext/1360937237/main.o
 .debug_aranges
                0x00000000000005f0       0x28 c:/program files/microchip/xc32/v4.45/bin/bin/../../lib/gcc/pic32c/8.3.1/../../../../pic32c/lib/thumb/v6-m/nofp\libpic32c.a(data_init.o)
 .debug_aranges
                0x0000000000000618       0x28 c:/program files/microchip/xc32/v4.45/bin/bin/../../lib/gcc/pic32c/8.3.1/../../../../pic32c/lib/thumb/v6-m/nofp\libc-musl.a(__libc_start_main.o)
 .debug_aranges
                0x0000000000000640       0x18 c:/program files/microchip/xc32/v4.45/bin/bin/../../lib/gcc/pic32c/8.3.1/../../../../pic32c/lib/thumb/v6-m/nofp\libc-musl.a(libc.o)
 .debug_aranges
                0x0000000000000658       0x18 c:/program files/microchip/xc32/v4.45/bin/bin/../../lib/gcc/pic32c/8.3.1/../../../../pic32c/lib/thumb/v6-m/nofp\libc-musl.a(__environ.o)
 .debug_aranges
                0x0000000000000670       0x20 c:/program files/microchip/xc32/v4.45/bin/bin/../../lib/gcc/pic32c/8.3.1/thumb/v6-m/nofp\libgcc.a(_thumb1_case_uhi.o)
 .debug_aranges
                0x0000000000000690       0x20 c:/program files/microchip/xc32/v4.45/bin/bin/../../lib/gcc/pic32c/8.3.1/../../../../pic32c/lib/thumb/v6-m/nofp\libpic32c.a(pic32_data_init_clear.o)
 .debug_aranges
                0x00000000000006b0       0x20 c:/program files/microchip/xc32/v4.45/bin/bin/../../lib/gcc/pic32c/8.3.1/../../../../pic32c/lib/thumb/v6-m/nofp\libpic32c.a(pic32_data_init_copy.o)

.debug_ranges   0x0000000000000000      0x6a8
 .debug_ranges  0x0000000000000000       0x28 build/default/production/_ext/1984496892/plib_clock.o
 .debug_ranges  0x0000000000000028       0x30 build/default/production/_ext/1986646378/plib_evsys.o
 .debug_ranges  0x0000000000000058       0x50 build/default/production/_ext/1865468468/plib_nvic.o
 .debug_ranges  0x00000000000000a8       0x90 build/default/production/_ext/1593096446/plib_nvmctrl.o
 .debug_ranges  0x0000000000000138       0x60 build/default/production/_ext/1865521619/plib_port.o
 .debug_ranges  0x0000000000000198       0x68 build/default/production/_ext/60180175/plib_rtc_timer.o
 .debug_ranges  0x0000000000000200      0x120 build/default/production/_ext/504274921/plib_sercom0_usart.o
 .debug_ranges  0x0000000000000320      0x120 build/default/production/_ext/504274921/plib_sercom2_usart.o
 .debug_ranges  0x0000000000000440      0x118 build/default/production/_ext/162237794/touchTune.o
 .debug_ranges  0x0000000000000558       0x88 build/default/production/_ext/162237794/touch.o
 .debug_ranges  0x00000000000005e0       0x18 build/default/production/_ext/1171490990/startup_xc32.o
 .debug_ranges  0x00000000000005f8       0x10 build/default/production/_ext/1171490990/interrupts.o
 .debug_ranges  0x0000000000000608       0x18 build/default/production/_ext/1171490990/exceptions.o
 .debug_ranges  0x0000000000000620       0x10 build/default/production/_ext/1171490990/initialization.o
 .debug_ranges  0x0000000000000630       0x10 build/default/production/_ext/1360937237/main.o
 .debug_ranges  0x0000000000000640       0x18 c:/program files/microchip/xc32/v4.45/bin/bin/../../lib/gcc/pic32c/8.3.1/../../../../pic32c/lib/thumb/v6-m/nofp\libpic32c.a(data_init.o)
 .debug_ranges  0x0000000000000658       0x30 c:/program files/microchip/xc32/v4.45/bin/bin/../../lib/gcc/pic32c/8.3.1/../../../../pic32c/lib/thumb/v6-m/nofp\libc-musl.a(__libc_start_main.o)
 .debug_ranges  0x0000000000000688       0x10 c:/program files/microchip/xc32/v4.45/bin/bin/../../lib/gcc/pic32c/8.3.1/../../../../pic32c/lib/thumb/v6-m/nofp\libpic32c.a(pic32_data_init_clear.o)
 .debug_ranges  0x0000000000000698       0x10 c:/program files/microchip/xc32/v4.45/bin/bin/../../lib/gcc/pic32c/8.3.1/../../../../pic32c/lib/thumb/v6-m/nofp\libpic32c.a(pic32_data_init_copy.o)

.debug_line     0x0000000000000000     0x4134
 .debug_line    0x0000000000000000      0x24c build/default/production/_ext/1984496892/plib_clock.o
 .debug_line    0x000000000000024c      0x1a2 build/default/production/_ext/1986646378/plib_evsys.o
 .debug_line    0x00000000000003ee      0x453 build/default/production/_ext/1865468468/plib_nvic.o
 .debug_line    0x0000000000000841      0x44e build/default/production/_ext/1593096446/plib_nvmctrl.o
 .debug_line    0x0000000000000c8f      0x3fa build/default/production/_ext/1865521619/plib_port.o
 .debug_line    0x0000000000001089      0x329 build/default/production/_ext/60180175/plib_rtc_timer.o
 .debug_line    0x00000000000013b2      0x9cf build/default/production/_ext/504274921/plib_sercom0_usart.o
 .debug_line    0x0000000000001d81      0x9cf build/default/production/_ext/504274921/plib_sercom2_usart.o
 .debug_line    0x0000000000002750      0x9b6 build/default/production/_ext/162237794/touchTune.o
 .debug_line    0x0000000000003106      0x4aa build/default/production/_ext/162237794/touch.o
 .debug_line    0x00000000000035b0      0x157 build/default/production/_ext/1171490990/startup_xc32.o
 .debug_line    0x0000000000003707       0xba build/default/production/_ext/1171490990/interrupts.o
 .debug_line    0x00000000000037c1       0x6e build/default/production/_ext/1171490990/exceptions.o
 .debug_line    0x000000000000382f      0x2ce build/default/production/_ext/1171490990/initialization.o
 .debug_line    0x0000000000003afd       0xac build/default/production/_ext/1360937237/main.o
 .debug_line    0x0000000000003ba9       0x8e c:/program files/microchip/xc32/v4.45/bin/bin/../../lib/gcc/pic32c/8.3.1/../../../../pic32c/lib/thumb/v6-m/nofp\libpic32c.a(data_init.o)
 .debug_line    0x0000000000003c37      0x1bc c:/program files/microchip/xc32/v4.45/bin/bin/../../lib/gcc/pic32c/8.3.1/../../../../pic32c/lib/thumb/v6-m/nofp\libc-musl.a(__libc_start_main.o)
 .debug_line    0x0000000000003df3       0xb5 c:/program files/microchip/xc32/v4.45/bin/bin/../../lib/gcc/pic32c/8.3.1/../../../../pic32c/lib/thumb/v6-m/nofp\libc-musl.a(libc.o)
 .debug_line    0x0000000000003ea8       0xfb c:/program files/microchip/xc32/v4.45/bin/bin/../../lib/gcc/pic32c/8.3.1/../../../../pic32c/lib/thumb/v6-m/nofp\libc-musl.a(__environ.o)
 .debug_line    0x0000000000003fa3       0x9a c:/program files/microchip/xc32/v4.45/bin/bin/../../lib/gcc/pic32c/8.3.1/thumb/v6-m/nofp\libgcc.a(_thumb1_case_uhi.o)
 .debug_line    0x000000000000403d       0x6f c:/program files/microchip/xc32/v4.45/bin/bin/../../lib/gcc/pic32c/8.3.1/../../../../pic32c/lib/thumb/v6-m/nofp\libpic32c.a(pic32_data_init_clear.o)
 .debug_line    0x00000000000040ac       0x88 c:/program files/microchip/xc32/v4.45/bin/bin/../../lib/gcc/pic32c/8.3.1/../../../../pic32c/lib/thumb/v6-m/nofp\libpic32c.a(pic32_data_init_copy.o)

.debug_str      0x0000000000000000     0x7f26
 .debug_str     0x0000000000000000      0x624 build/default/production/_ext/1984496892/plib_clock.o
 .debug_str     0x0000000000000624      0x40b build/default/production/_ext/1986646378/plib_evsys.o
 .debug_str     0x0000000000000a2f      0x650 build/default/production/_ext/1865468468/plib_nvic.o
 .debug_str     0x000000000000107f      0x5bd build/default/production/_ext/1593096446/plib_nvmctrl.o
 .debug_str     0x000000000000163c      0x89f build/default/production/_ext/1865521619/plib_port.o
 .debug_str     0x0000000000001edb      0x642 build/default/production/_ext/60180175/plib_rtc_timer.o
 .debug_str     0x000000000000251d      0xa9c build/default/production/_ext/504274921/plib_sercom0_usart.o
 .debug_str     0x0000000000002fb9      0xa9c build/default/production/_ext/504274921/plib_sercom2_usart.o
 .debug_str     0x0000000000003a55      0xcf8 build/default/production/_ext/162237794/touchTune.o
 .debug_str     0x000000000000474d     0x13f0 build/default/production/_ext/162237794/touch.o
 .debug_str     0x0000000000005b3d      0x37e build/default/production/_ext/1171490990/startup_xc32.o
 .debug_str     0x0000000000005ebb      0x62e build/default/production/_ext/1171490990/interrupts.o
 .debug_str     0x00000000000064e9      0x312 build/default/production/_ext/1171490990/exceptions.o
 .debug_str     0x00000000000067fb      0x487 build/default/production/_ext/1171490990/initialization.o
 .debug_str     0x0000000000006c82      0x307 build/default/production/_ext/1360937237/main.o
 .debug_str     0x0000000000006f89      0x1eb c:/program files/microchip/xc32/v4.45/bin/bin/../../lib/gcc/pic32c/8.3.1/../../../../pic32c/lib/thumb/v6-m/nofp\libpic32c.a(data_init.o)
 .debug_str     0x0000000000007174      0x3ca c:/program files/microchip/xc32/v4.45/bin/bin/../../lib/gcc/pic32c/8.3.1/../../../../pic32c/lib/thumb/v6-m/nofp\libc-musl.a(__libc_start_main.o)
 .debug_str     0x000000000000753e      0x335 c:/program files/microchip/xc32/v4.45/bin/bin/../../lib/gcc/pic32c/8.3.1/../../../../pic32c/lib/thumb/v6-m/nofp\libc-musl.a(libc.o)
 .debug_str     0x0000000000007873      0x235 c:/program files/microchip/xc32/v4.45/bin/bin/../../lib/gcc/pic32c/8.3.1/../../../../pic32c/lib/thumb/v6-m/nofp\libc-musl.a(__environ.o)
 .debug_str     0x0000000000007aa8       0xd6 c:/program files/microchip/xc32/v4.45/bin/bin/../../lib/gcc/pic32c/8.3.1/thumb/v6-m/nofp\libgcc.a(_thumb1_case_uhi.o)
 .debug_str     0x0000000000007b7e      0x1d5 c:/program files/microchip/xc32/v4.45/bin/bin/../../lib/gcc/pic32c/8.3.1/../../../../pic32c/lib/thumb/v6-m/nofp\libpic32c.a(pic32_data_init_clear.o)
 .debug_str     0x0000000000007d53      0x1d3 c:/program files/microchip/xc32/v4.45/bin/bin/../../lib/gcc/pic32c/8.3.1/../../../../pic32c/lib/thumb/v6-m/nofp\libpic32c.a(pic32_data_init_copy.o)

.debug_frame    0x0000000000000000      0xca0
 .debug_frame   0x0000000000000000       0x20 build/default/production/_ext/1984496892/plib_clock.o
 .debug_frame   0x0000000000000020       0x68 build/default/production/_ext/1986646378/plib_evsys.o
 .debug_frame   0x0000000000000088       0x84 build/default/production/_ext/1865468468/plib_nvic.o
 .debug_frame   0x000000000000010c      0x148 build/default/production/_ext/1593096446/plib_nvmctrl.o
 .debug_frame   0x0000000000000254       0xd8 build/default/production/_ext/1865521619/plib_port.o
 .debug_frame   0x000000000000032c       0xd8 build/default/production/_ext/60180175/plib_rtc_timer.o
 .debug_frame   0x0000000000000404      0x1f0 build/default/production/_ext/504274921/plib_sercom0_usart.o
 .debug_frame   0x00000000000005f4      0x1f0 build/default/production/_ext/504274921/plib_sercom2_usart.o
 .debug_frame   0x00000000000007e4      0x1e0 build/default/production/_ext/162237794/touchTune.o
 .debug_frame   0x00000000000009c4      0x14c build/default/production/_ext/162237794/touch.o
 .debug_frame   0x0000000000000b10       0x38 build/default/production/_ext/1171490990/startup_xc32.o
 .debug_frame   0x0000000000000b48       0x20 build/default/production/_ext/1171490990/interrupts.o
 .debug_frame   0x0000000000000b68       0x30 build/default/production/_ext/1171490990/exceptions.o
 .debug_frame   0x0000000000000b98       0x28 build/default/production/_ext/1171490990/initialization.o
 .debug_frame   0x0000000000000bc0       0x28 build/default/production/_ext/1360937237/main.o
 .debug_frame   0x0000000000000be8       0x38 c:/program files/microchip/xc32/v4.45/bin/bin/../../lib/gcc/pic32c/8.3.1/../../../../pic32c/lib/thumb/v6-m/nofp\libpic32c.a(data_init.o)
 .debug_frame   0x0000000000000c20       0x38 c:/program files/microchip/xc32/v4.45/bin/bin/../../lib/gcc/pic32c/8.3.1/../../../../pic32c/lib/thumb/v6-m/nofp\libc-musl.a(__libc_start_main.o)
 .debug_frame   0x0000000000000c58       0x20 c:/program files/microchip/xc32/v4.45/bin/bin/../../lib/gcc/pic32c/8.3.1/../../../../pic32c/lib/thumb/v6-m/nofp\libpic32c.a(pic32_data_init_clear.o)
 .debug_frame   0x0000000000000c78       0x28 c:/program files/microchip/xc32/v4.45/bin/bin/../../lib/gcc/pic32c/8.3.1/../../../../pic32c/lib/thumb/v6-m/nofp\libpic32c.a(pic32_data_init_copy.o)

.note.GNU-stack
                0x0000000000000000        0x0
 .note.GNU-stack
                0x0000000000000000        0x0 c:/program files/microchip/xc32/v4.45/bin/bin/../../lib/gcc/pic32c/8.3.1/../../../../pic32c/lib/thumb/v6-m/nofp\libc-musl.a(__libc_start_main.o)
 .note.GNU-stack
                0x0000000000000000        0x0 c:/program files/microchip/xc32/v4.45/bin/bin/../../lib/gcc/pic32c/8.3.1/../../../../pic32c/lib/thumb/v6-m/nofp\libc-musl.a(libc.o)
 .note.GNU-stack
                0x0000000000000000        0x0 c:/program files/microchip/xc32/v4.45/bin/bin/../../lib/gcc/pic32c/8.3.1/../../../../pic32c/lib/thumb/v6-m/nofp\libc-musl.a(__environ.o)

.stack          0x0000000020001440      0x100
 .stack         0x0000000020001440      0x100 stack

.bss.qtlib_key_data_set1%1
                0x000000002000000c      0x540
 .bss.qtlib_key_data_set1
                0x000000002000000c      0x540 build/default/production/_ext/162237794/touch.o
                0x000000002000000c                qtlib_key_data_set1

.bss.noise_filter_buffer%2
                0x000000002000054c      0x2a0
 .bss.noise_filter_buffer
                0x000000002000054c      0x2a0 build/default/production/_ext/162237794/touch.o

.bss.ptc_qtlib_node_stat1%3
                0x00000000200007ec      0x2a0
 .bss.ptc_qtlib_node_stat1
                0x00000000200007ec      0x2a0 build/default/production/_ext/162237794/touch.o
                0x00000000200007ec                ptc_qtlib_node_stat1

.bss.touch_acq_signals_raw%4
                0x0000000020000a8c       0xe0
 .bss.touch_acq_signals_raw
                0x0000000020000a8c       0xe0 build/default/production/_ext/162237794/touch.o

.bss%5          0x0000000020000b6c       0x50
 .bss           0x0000000020000b6c       0x50 c:/program files/microchip/xc32/v4.45/bin/bin/../../lib/gcc/pic32c/8.3.1/../../../../pic32c/lib/thumb/v6-m/nofp\libc-musl.a(libc.o)
                0x0000000020000b6c                __progname_full
                0x0000000020000b6c                program_invocation_name
                0x0000000020000b70                program_invocation_short_name
                0x0000000020000b70                __progname
                0x0000000020000b74                __sysinfo
                0x0000000020000b78                __hwcap
                0x0000000020000b7c                __libc

.bss.read_buffer%6
                0x0000000020000bbc       0x3c
 .bss.read_buffer
                0x0000000020000bbc       0x3c build/default/production/_ext/162237794/touchTune.o

.bss.sercom0USARTObj%7
                0x0000000020000bf8       0x30
 .bss.sercom0USARTObj
                0x0000000020000bf8       0x30 build/default/production/_ext/504274921/plib_sercom0_usart.o

.bss.sercom2USARTObj%8
                0x0000000020000c28       0x30
 .bss.sercom2USARTObj
                0x0000000020000c28       0x30 build/default/production/_ext/504274921/plib_sercom2_usart.o

.bss%9          0x0000000020000c58       0x1c
 .bss           0x0000000020000c58       0x1c c:/program files/microchip/xc32/v4.45/bin/bin/../../lib/gcc/pic32c/8.3.1/thumb/v6-m/nofp/crtbegin.o

.bss%10         0x0000000020000c74       0x14
 .bss           0x0000000020000c74       0x14 ..\src\config\default\touch\lib\qtm_acq_samd21_0x0024.X.a(sam_acq_x_samd21.o)
                0x0000000020000c74                current_measure_channel

.bss.runtime_freq_hop_auto_data_arr%11
                0x0000000020000c88       0x11
 .bss.runtime_freq_hop_auto_data_arr
                0x0000000020000c88       0x11 build/default/production/_ext/162237794/touchTune.o

.bss.rtcObj%12  0x0000000020000c9c        0xc
 .bss.rtcObj    0x0000000020000c9c        0xc build/default/production/_ext/60180175/plib_rtc_timer.o

.bss.runtime_data_arr%13
                0x0000000020000ca8        0x9
 .bss.runtime_data_arr
                0x0000000020000ca8        0x9 build/default/production/_ext/162237794/touchTune.o

.bss.qtlib_key_grp_data_set1%14
                0x0000000020000cb4        0x8
 .bss.qtlib_key_grp_data_set1
                0x0000000020000cb4        0x8 build/default/production/_ext/162237794/touch.o

.bss.acq_data%15
                0x0000000020000cbc        0x7
 .bss.acq_data  0x0000000020000cbc        0x7 build/default/production/_ext/162237794/touchTune.o

.bss.uart_command_info%16
                0x0000000020000cc4        0x6
 .bss.uart_command_info
                0x0000000020000cc4        0x6 build/default/production/_ext/162237794/touchTune.o

.bss.tx_data_ptr%17
                0x0000000020000ccc        0x4
 .bss.tx_data_ptr
                0x0000000020000ccc        0x4 build/default/production/_ext/162237794/touchTune.o

.bss%18         0x0000000020000cd0        0x4
 .bss           0x0000000020000cd0        0x4 c:/program files/microchip/xc32/v4.45/bin/bin/../../lib/gcc/pic32c/8.3.1/../../../../pic32c/lib/thumb/v6-m/nofp\libpic32c.a(data_init.o)

.bss%19         0x0000000020000cd4        0x4
 .bss           0x0000000020000cd4        0x4 c:/program files/microchip/xc32/v4.45/bin/bin/../../lib/gcc/pic32c/8.3.1/../../../../pic32c/lib/thumb/v6-m/nofp\libc-musl.a(__environ.o)
                0x0000000020000cd4                __environ
                0x0000000020000cd4                environ
                0x0000000020000cd4                ___environ
                0x0000000020000cd4                _environ

.bss.freq_hop_autotune_counters%20
                0x0000000020000cd8        0x3
 .bss.freq_hop_autotune_counters
                0x0000000020000cd8        0x3 build/default/production/_ext/162237794/touch.o

.bss.command_flags%21
                0x0000000020000cca        0x2
 .bss.command_flags
                0x0000000020000cca        0x2 build/default/production/_ext/162237794/touchTune.o

.bss.max_channels_or_scrollers%22
                0x0000000020000c9a        0x2
 .bss.max_channels_or_scrollers
                0x0000000020000c9a        0x2 build/default/production/_ext/162237794/touchTune.o

.bss.tx_data_len%23
                0x0000000020000cb2        0x2
 .bss.tx_data_len
                0x0000000020000cb2        0x2 build/default/production/_ext/162237794/touchTune.o

.bss%24         0x0000000020000cdc        0x2
 .bss           0x0000000020000cdc        0x2 ..\src\config\default\touch\lib\qtm_touch_key_cm0p_0x0002.X.a(sam_touch_key_x_cm0p.o)
                0x0000000020000cdc                qtm_local_ms_timecount

.bss.ch_num.6589%25
                0x0000000020000cc3        0x1
 .bss.ch_num.6589
                0x0000000020000cc3        0x1 build/default/production/_ext/162237794/touchTune.o

.bss.config_or_debug%26
                0x0000000020000c99        0x1
 .bss.config_or_debug
                0x0000000020000c99        0x1 build/default/production/_ext/162237794/touchTune.o

.bss.current_debug_data%27
                0x0000000020000cb1        0x1
 .bss.current_debug_data
                0x0000000020000cb1        0x1 build/default/production/_ext/162237794/touchTune.o

.bss.debug_index.6620%28
                0x0000000020000cdb        0x1
 .bss.debug_index.6620
                0x0000000020000cdb        0x1 build/default/production/_ext/162237794/touchTune.o

.bss.read_buf_read_ptr%29
                0x0000000020000cde        0x1
 .bss.read_buf_read_ptr
                0x0000000020000cde        0x1 build/default/production/_ext/162237794/touchTune.o

.bss.read_buf_write_ptr%30
                0x0000000020000cdf        0x1
 .bss.read_buf_write_ptr
                0x0000000020000cdf        0x1 build/default/production/_ext/162237794/touchTune.o

.bss.rxData%31  0x0000000020000ce0        0x1
 .bss.rxData    0x0000000020000ce0        0x1 build/default/production/_ext/162237794/touchTune.o

.bss.txData.6564%32
                0x0000000020000ce1        0x1
 .bss.txData.6564
                0x0000000020000ce1        0x1 build/default/production/_ext/162237794/touchTune.o

.bss.uart_tx_in_progress%33
                0x0000000020000ce2        0x1
 .bss.uart_tx_in_progress
                0x0000000020000ce2        0x1 build/default/production/_ext/162237794/touchTune.o

.bss.write_buf_channel_num%34
                0x0000000020000ce3        0x1
 .bss.write_buf_channel_num
                0x0000000020000ce3        0x1 build/default/production/_ext/162237794/touchTune.o

.bss.write_buf_read_ptr%35
                0x0000000020000ce4        0x1
 .bss.write_buf_read_ptr
                0x0000000020000ce4        0x1 build/default/production/_ext/162237794/touchTune.o

.bss.measurement_done_touch%36
                0x0000000020000ce5        0x1
 .bss.measurement_done_touch
                0x0000000020000ce5        0x1 build/default/production/_ext/162237794/touch.o
                0x0000000020000ce5                measurement_done_touch

.bss.module_error_code%37
                0x0000000020000ce6        0x1
 .bss.module_error_code
                0x0000000020000ce6        0x1 build/default/production/_ext/162237794/touch.o
                0x0000000020000ce6                module_error_code

.bss.time_to_measure_touch_var%38
                0x0000000020000ce7        0x1
 .bss.time_to_measure_touch_var
                0x0000000020000ce7        0x1 build/default/production/_ext/162237794/touch.o

.bss.touch_postprocess_request%39
                0x0000000020000ce8        0x1
 .bss.touch_postprocess_request
                0x0000000020000ce8        0x1 build/default/production/_ext/162237794/touch.o

.data.ptc_seq_node_cfg1%40
                0x0000000020000cec      0x380
 .data.ptc_seq_node_cfg1
                0x0000000020000cec      0x380 build/default/production/_ext/162237794/touch.o
                0x0000000020000cec                ptc_seq_node_cfg1

.data.qtlib_key_configs_set1%41
                0x000000002000106c      0x150
 .data.qtlib_key_configs_set1
                0x000000002000106c      0x150 build/default/production/_ext/162237794/touch.o
                0x000000002000106c                qtlib_key_configs_set1

.data.qtlib_key_set1%42
                0x00000000200011bc       0x10
 .data.qtlib_key_set1
                0x00000000200011bc       0x10 build/default/production/_ext/162237794/touch.o

.data.qtm_freq_hop_autotune_config1%43
                0x00000000200011cc       0x10
 .data.qtm_freq_hop_autotune_config1
                0x00000000200011cc       0x10 build/default/production/_ext/162237794/touch.o
                0x00000000200011cc                qtm_freq_hop_autotune_config1

.data.qtm_freq_hop_autotune_data1%44
                0x00000000200011dc       0x10
 .data.qtm_freq_hop_autotune_data1
                0x00000000200011dc       0x10 build/default/production/_ext/162237794/touch.o

.data.qtlib_acq_set1%45
                0x00000000200011ec        0xc
 .data.qtlib_acq_set1
                0x00000000200011ec        0xc build/default/production/_ext/162237794/touch.o

.data.proj_config%46
                0x00000000200011f8        0xa
 .data.proj_config
                0x00000000200011f8        0xa build/default/production/_ext/162237794/touchTune.o

.data.qtlib_key_grp_config_set1%47
                0x0000000020001204        0xa
 .data.qtlib_key_grp_config_set1
                0x0000000020001204        0xa build/default/production/_ext/162237794/touch.o
                0x0000000020001204                qtlib_key_grp_config_set1

.data.qtm_freq_hop_autotune_control1%48
                0x0000000020001210        0x8
 .data.qtm_freq_hop_autotune_control1
                0x0000000020001210        0x8 build/default/production/_ext/162237794/touch.o

.data.ptc_qtlib_acq_gen1%49
                0x0000000020001218        0x6
 .data.ptc_qtlib_acq_gen1
                0x0000000020001218        0x6 build/default/production/_ext/162237794/touch.o

.data.freq_hop_delay_selection%50
                0x0000000020001220        0x3
 .data.freq_hop_delay_selection
                0x0000000020001220        0x3 build/default/production/_ext/162237794/touch.o

.data.uart_frame_header_flag%51
                0x0000000020001202        0x1
 .data.uart_frame_header_flag
                0x0000000020001202        0x1 build/default/production/_ext/162237794/touchTune.o

.data%52        0x0000000020001203        0x1
 .data          0x0000000020001203        0x1 ..\src\config\default\touch\lib\qtm_acq_samd21_0x0024.X.a(sam_acq_x_samd21.o)
                0x0000000020001203                qtm_which_mode_current

.eh_frame%z1    0x0000000000000000        0x0
 .eh_frame      0x0000000000000000        0x0 c:/program files/microchip/xc32/v4.45/bin/bin/../../lib/gcc/pic32c/8.3.1/thumb/v6-m/nofp/crtbegin.o

.config_00804000.__config_00804000%53
                0x0000000000804000        0x4
 .config_00804000.__config_00804000
                0x0000000000804000        0x4 build/default/production/_ext/1171490990/initialization.o
                0x0000000000804000                __config_00804000

.config_00804004.__config_00804004%54
                0x0000000000804004        0x4
 .config_00804004.__config_00804004
                0x0000000000804004        0x4 build/default/production/_ext/1171490990/initialization.o
                0x0000000000804004                __config_00804004

.text%55        0x00000000000000d8      0xb0c
 .text          0x00000000000000d8      0xb0c ..\src\config\default\touch\lib\qtm_acq_samd21_0x0024.X.a(sam_acq_x_samd21.o)
                0x00000000000003e0                qtm_drivenshield_setup
                0x00000000000003f4                qtm_drivenshield_register_start_callback
                0x0000000000000408                qtm_drivenshield_deregister_start_callback
                0x000000000000041c                qtm_acquisition_process
                0x00000000000006fc                qtm_ptc_init_acquisition_module
                0x000000000000081c                qtm_ptc_qtlib_assign_signal_memory
                0x0000000000000830                qtm_ptc_start_measurement_seq
                0x0000000000000910                qtm_enable_sensor_node
                0x0000000000000930                qtm_calibrate_sensor_node
                0x0000000000000980                qtm_autoscan_sensor_node
                0x0000000000000ac0                qtm_autoscan_node_cancel
                0x0000000000000af0                qtm_ptc_clear_interrupt
                0x0000000000000b14                qtm_samd21_ptc_handler_eoc
                0x0000000000000bb0                qtm_ptc_de_init
                0x0000000000000bdc                qtm_samd21_acq_module_get_id
                0x0000000000000be0                qtm_samd21_acq_module_get_version

.dinit%56       0x0000000000000be4      0x750
 .dinit         0x0000000000000be4      0x750 data_init

.text.qtm_key_sensors_process%57
                0x0000000000001334      0x48c
 .text.qtm_key_sensors_process
                0x0000000000001334      0x48c ..\src\config\default\touch\lib\qtm_touch_key_cm0p_0x0002.X.a(sam_touch_key_x_cm0p.o)
                0x0000000000001334                qtm_key_sensors_process

.text.qtm_freq_hop_autotune%58
                0x00000000000017c0      0x1fe
 .text.qtm_freq_hop_autotune
                0x00000000000017c0      0x1fe ..\src\config\default\touch\lib\qtm_freq_hop_auto_cm0p_0x0004.X.a(sam_freq_hop_auto_x_cm0p.o)
                0x00000000000017c0                qtm_freq_hop_autotune

.text.touchTuneProcess%59
                0x00000000000019c0      0x198
 .text.touchTuneProcess
                0x00000000000019c0      0x198 build/default/production/_ext/162237794/touchTune.o
                0x00000000000019c0                touchTuneProcess

.text.touchUartTxComplete%60
                0x0000000000001b58      0x14c
 .text.touchUartTxComplete
                0x0000000000001b58      0x14c build/default/production/_ext/162237794/touchTune.o
                0x0000000000001b58                touchUartTxComplete

.text.uart_recv_frame_data%61
                0x0000000000001ca4       0xf8
 .text.uart_recv_frame_data
                0x0000000000001ca4       0xf8 build/default/production/_ext/162237794/touchTune.o
                0x0000000000001ca4                uart_recv_frame_data

.text.CLOCK_Initialize%62
                0x0000000000001d9c       0xe8
 .text.CLOCK_Initialize
                0x0000000000001d9c       0xe8 build/default/production/_ext/1984496892/plib_clock.o
                0x0000000000001d9c                CLOCK_Initialize

.text.PORT_Initialize%63
                0x0000000000001e84       0xe0
 .text.PORT_Initialize
                0x0000000000001e84       0xe0 build/default/production/_ext/1865521619/plib_port.o
                0x0000000000001e84                PORT_Initialize

.text.touch_process%64
                0x0000000000001f64       0xa4
 .text.touch_process
                0x0000000000001f64       0xa4 build/default/production/_ext/162237794/touch.o
                0x0000000000001f64                touch_process

.text.SERCOM0_USART_ISR_TX_Handler%65
                0x0000000000002008       0x84
 .text.SERCOM0_USART_ISR_TX_Handler
                0x0000000000002008       0x84 build/default/production/_ext/504274921/plib_sercom0_usart.o

.text.SERCOM2_USART_ISR_TX_Handler%66
                0x000000000000208c       0x84
 .text.SERCOM2_USART_ISR_TX_Handler
                0x000000000000208c       0x84 build/default/production/_ext/504274921/plib_sercom2_usart.o

.text.check_for_aks_block%67
                0x0000000000002110       0x7a
 .text.check_for_aks_block
                0x0000000000002110       0x7a ..\src\config\default\touch\lib\qtm_touch_key_cm0p_0x0002.X.a(sam_touch_key_x_cm0p.o)

.text.SERCOM0_USART_Write%68
                0x000000000000218c       0x74
 .text.SERCOM0_USART_Write
                0x000000000000218c       0x74 build/default/production/_ext/504274921/plib_sercom0_usart.o
                0x000000000000218c                SERCOM0_USART_Write

.text.SERCOM0_USART_ISR_RX_Handler%69
                0x0000000000002200       0x70
 .text.SERCOM0_USART_ISR_RX_Handler
                0x0000000000002200       0x70 build/default/production/_ext/504274921/plib_sercom0_usart.o

.text.SERCOM2_USART_ISR_RX_Handler%70
                0x0000000000002270       0x70
 .text.SERCOM2_USART_ISR_RX_Handler
                0x0000000000002270       0x70 build/default/production/_ext/504274921/plib_sercom2_usart.o

.text.NVIC_Initialize%71
                0x00000000000022e0       0x6c
 .text.NVIC_Initialize
                0x00000000000022e0       0x6c build/default/production/_ext/1865468468/plib_nvic.o
                0x00000000000022e0                NVIC_Initialize

.text.copy_acq_config%72
                0x000000000000234c       0x60
 .text.copy_acq_config
                0x000000000000234c       0x60 build/default/production/_ext/162237794/touchTune.o
                0x000000000000234c                copy_acq_config

.text.touch_init%73
                0x00000000000023ac       0x60
 .text.touch_init
                0x00000000000023ac       0x60 build/default/production/_ext/162237794/touch.o
                0x00000000000023ac                touch_init

.text.__libc_start_init%74
                0x000000000000240c       0x5c
 .text.__libc_start_init
                0x000000000000240c       0x5c c:/program files/microchip/xc32/v4.45/bin/bin/../../lib/gcc/pic32c/8.3.1/../../../../pic32c/lib/thumb/v6-m/nofp\libc-musl.a(__libc_start_main.o)
                0x000000000000240c                __libc_init_array

.text.SERCOM0_USART_Initialize%75
                0x0000000000002468       0x58
 .text.SERCOM0_USART_Initialize
                0x0000000000002468       0x58 build/default/production/_ext/504274921/plib_sercom0_usart.o
                0x0000000000002468                SERCOM0_USART_Initialize

.text.SERCOM2_USART_Initialize%76
                0x00000000000024c0       0x58
 .text.SERCOM2_USART_Initialize
                0x00000000000024c0       0x58 build/default/production/_ext/504274921/plib_sercom2_usart.o
                0x00000000000024c0                SERCOM2_USART_Initialize

.text.SERCOM0_USART_InterruptHandler%77
                0x0000000000002518       0x54
 .text.SERCOM0_USART_InterruptHandler
                0x0000000000002518       0x54 build/default/production/_ext/504274921/plib_sercom0_usart.o
                0x0000000000002518                SERCOM0_USART_InterruptHandler

.text.SERCOM2_USART_InterruptHandler%78
                0x000000000000256c       0x54
 .text.SERCOM2_USART_InterruptHandler
                0x000000000000256c       0x54 build/default/production/_ext/504274921/plib_sercom2_usart.o
                0x000000000000256c                SERCOM2_USART_InterruptHandler

.text.copy_channel_config_data%79
                0x00000000000025c0       0x50
 .text.copy_channel_config_data
                0x00000000000025c0       0x50 build/default/production/_ext/162237794/touchTune.o
                0x00000000000025c0                copy_channel_config_data

.text%80        0x0000000000002610       0x48
 .text          0x0000000000002610       0x48 c:/program files/microchip/xc32/v4.45/bin/bin/../../lib/gcc/pic32c/8.3.1/thumb/v6-m/nofp/crtbegin.o

.text.copy_run_time_data%81
                0x0000000000002658       0x48
 .text.copy_run_time_data
                0x0000000000002658       0x48 build/default/production/_ext/162237794/touchTune.o
                0x0000000000002658                copy_run_time_data

.text.uart_send_data%82
                0x00000000000026a0       0x48
 .text.uart_send_data
                0x00000000000026a0       0x48 build/default/production/_ext/162237794/touchTune.o
                0x00000000000026a0                uart_send_data

.text.Reset_Handler%83
                0x00000000000026e8       0x48
 .text.Reset_Handler
                0x00000000000026e8       0x48 build/default/production/_ext/1171490990/startup_xc32.o
                0x00000000000026e8                Reset_Handler

.text.SERCOM0_USART_Read%84
                0x0000000000002730       0x44
 .text.SERCOM0_USART_Read
                0x0000000000002730       0x44 build/default/production/_ext/504274921/plib_sercom0_usart.o
                0x0000000000002730                SERCOM0_USART_Read

.text.RTC_Initialize%85
                0x0000000000002774       0x40
 .text.RTC_Initialize
                0x0000000000002774       0x40 build/default/production/_ext/60180175/plib_rtc_timer.o
                0x0000000000002774                RTC_Initialize

.text.SERCOM0_USART_ISR_ERR_Handler%86
                0x00000000000027b4       0x3c
 .text.SERCOM0_USART_ISR_ERR_Handler
                0x00000000000027b4       0x3c build/default/production/_ext/504274921/plib_sercom0_usart.o

.text.SERCOM2_USART_ISR_ERR_Handler%87
                0x00000000000027f0       0x3c
 .text.SERCOM2_USART_ISR_ERR_Handler
                0x00000000000027f0       0x3c build/default/production/_ext/504274921/plib_sercom2_usart.o

.text.touchUartRxComplete%88
                0x000000000000282c       0x3c
 .text.touchUartRxComplete
                0x000000000000282c       0x3c build/default/production/_ext/162237794/touchTune.o
                0x000000000000282c                touchUartRxComplete

.text.uart_send_frame_header%89
                0x0000000000002868       0x38
 .text.uart_send_frame_header
                0x0000000000002868       0x38 build/default/production/_ext/162237794/touchTune.o
                0x0000000000002868                uart_send_frame_header

.text.touch_timer_config%90
                0x00000000000028a0       0x34
 .text.touch_timer_config
                0x00000000000028a0       0x34 build/default/production/_ext/162237794/touch.o
                0x00000000000028a0                touch_timer_config

.text.SYS_Initialize%91
                0x00000000000028d4       0x34
 .text.SYS_Initialize
                0x00000000000028d4       0x34 build/default/production/_ext/1171490990/initialization.o
                0x00000000000028d4                SYS_Initialize

.text.__pic32c_data_initialization%92
                0x0000000000002908       0x34
 .text.__pic32c_data_initialization
                0x0000000000002908       0x34 c:/program files/microchip/xc32/v4.45/bin/bin/../../lib/gcc/pic32c/8.3.1/../../../../pic32c/lib/thumb/v6-m/nofp\libpic32c.a(data_init.o)
                0x0000000000002908                __pic32c_data_initialization

.rodata%93      0x000000000000293c       0x30
 .rodata        0x000000000000293c       0x30 ..\src\config\default\touch\lib\qtm_acq_samd21_0x0024.X.a(sam_acq_x_samd21.o)

.text.RTC_InterruptHandler%94
                0x000000000000296c       0x2c
 .text.RTC_InterruptHandler
                0x000000000000296c       0x2c build/default/production/_ext/60180175/plib_rtc_timer.o
                0x000000000000296c                RTC_InterruptHandler

.text.SERCOM0_USART_ErrorClear%95
                0x0000000000002998       0x2c
 .text.SERCOM0_USART_ErrorClear
                0x0000000000002998       0x2c build/default/production/_ext/504274921/plib_sercom0_usart.o

.text.SERCOM2_USART_ErrorClear%96
                0x00000000000029c4       0x2c
 .text.SERCOM2_USART_ErrorClear
                0x00000000000029c4       0x2c build/default/production/_ext/504274921/plib_sercom2_usart.o

.text.uart_get_char%97
                0x00000000000029f0       0x2c
 .text.uart_get_char
                0x00000000000029f0       0x2c build/default/production/_ext/162237794/touchTune.o
                0x00000000000029f0                uart_get_char

.text.calibrate_node%98
                0x0000000000002a1c       0x2c
 .text.calibrate_node
                0x0000000000002a1c       0x2c build/default/production/_ext/162237794/touch.o
                0x0000000000002a1c                calibrate_node

.text.update_acq_config%99
                0x0000000000002a48       0x28
 .text.update_acq_config
                0x0000000000002a48       0x28 build/default/production/_ext/162237794/touchTune.o
                0x0000000000002a48                update_acq_config

.text.touchTuneInit%100
                0x0000000000002a70       0x28
 .text.touchTuneInit
                0x0000000000002a70       0x28 build/default/production/_ext/162237794/touchTune.o
                0x0000000000002a70                touchTuneInit

.text.getConfigIndex%101
                0x0000000000002a98       0x24
 .text.getConfigIndex
                0x0000000000002a98       0x24 build/default/production/_ext/162237794/touchTune.o
                0x0000000000002a98                getConfigIndex

.text.uart_min_num_bytes_received%102
                0x0000000000002abc       0x24
 .text.uart_min_num_bytes_received
                0x0000000000002abc       0x24 build/default/production/_ext/162237794/touchTune.o
                0x0000000000002abc                uart_min_num_bytes_received

.text.copy_freq_hop_auto_runtime_data%103
                0x0000000000002ae0       0x20
 .text.copy_freq_hop_auto_runtime_data
                0x0000000000002ae0       0x20 build/default/production/_ext/162237794/touchTune.o
                0x0000000000002ae0                copy_freq_hop_auto_runtime_data

.text.qtm_init_sensor_key%104
                0x0000000000002b00       0x1e
 .text.qtm_init_sensor_key
                0x0000000000002b00       0x1e ..\src\config\default\touch\lib\qtm_touch_key_cm0p_0x0002.X.a(sam_touch_key_x_cm0p.o)
                0x0000000000002b00                qtm_init_sensor_key

.text.__dinit_copy%105
                0x0000000000002b1e       0x1e
 .text.__dinit_copy
                0x0000000000002b1e       0x1e c:/program files/microchip/xc32/v4.45/bin/bin/../../lib/gcc/pic32c/8.3.1/../../../../pic32c/lib/thumb/v6-m/nofp\libpic32c.a(pic32_data_init_copy.o)
                0x0000000000002b1e                __dinit_copy_needed
                0x0000000000002b1e                __dinit_copy

.text.uart_get_string%106
                0x0000000000002b3c       0x1c
 .text.uart_get_string
                0x0000000000002b3c       0x1c build/default/production/_ext/162237794/touchTune.o
                0x0000000000002b3c                uart_get_string

.text.uart_send_data_wait%107
                0x0000000000002b58       0x1c
 .text.uart_send_data_wait
                0x0000000000002b58       0x1c build/default/production/_ext/162237794/touchTune.o
                0x0000000000002b58                uart_send_data_wait

.text.RTC_Timer32Start%108
                0x0000000000002b74       0x18
 .text.RTC_Timer32Start
                0x0000000000002b74       0x18 build/default/production/_ext/60180175/plib_rtc_timer.o
                0x0000000000002b74                RTC_Timer32Start

.text.RTC_Timer32Stop%109
                0x0000000000002b8c       0x18
 .text.RTC_Timer32Stop
                0x0000000000002b8c       0x18 build/default/production/_ext/60180175/plib_rtc_timer.o
                0x0000000000002b8c                RTC_Timer32Stop

.text.EVSYS_Initialize%110
                0x0000000000002ba4       0x14
 .text.EVSYS_Initialize
                0x0000000000002ba4       0x14 build/default/production/_ext/1986646378/plib_evsys.o
                0x0000000000002ba4                EVSYS_Initialize

.text.RTC_Timer32CounterSet%111
                0x0000000000002bb8       0x14
 .text.RTC_Timer32CounterSet
                0x0000000000002bb8       0x14 build/default/production/_ext/60180175/plib_rtc_timer.o
                0x0000000000002bb8                RTC_Timer32CounterSet

.text.RTC_Timer32CompareSet%112
                0x0000000000002bcc       0x14
 .text.RTC_Timer32CompareSet
                0x0000000000002bcc       0x14 build/default/production/_ext/60180175/plib_rtc_timer.o
                0x0000000000002bcc                RTC_Timer32CompareSet

.text.touchTuneNewDataAvailable%113
                0x0000000000002be0       0x14
 .text.touchTuneNewDataAvailable
                0x0000000000002be0       0x14 build/default/production/_ext/162237794/touchTune.o
                0x0000000000002be0                touchTuneNewDataAvailable

.text.UART_Write%114
                0x0000000000002bf4       0x14
 .text.UART_Write
                0x0000000000002bf4       0x14 build/default/production/_ext/162237794/touchTune.o
                0x0000000000002bf4                UART_Write

.rodata.configPointerArray%115
                0x0000000000002c08       0x14
 .rodata.configPointerArray
                0x0000000000002c08       0x14 build/default/production/_ext/162237794/touchTune.o

.text.touch_timer_handler%116
                0x0000000000002c1c       0x14
 .text.touch_timer_handler
                0x0000000000002c1c       0x14 build/default/production/_ext/162237794/touch.o
                0x0000000000002c1c                touch_timer_handler

.rodata%117     0x0000000000002c30       0x14
 .rodata        0x0000000000002c30       0x14 c:/program files/microchip/xc32/v4.45/bin/bin/../../lib/gcc/pic32c/8.3.1/../../../../pic32c/lib/thumb/v6-m/nofp\libpic32c.a(data_init.o)

.text%118       0x0000000000002c44       0x14
 .text          0x0000000000002c44       0x14 c:/program files/microchip/xc32/v4.45/bin/bin/../../lib/gcc/pic32c/8.3.1/thumb/v6-m/nofp\libgcc.a(_thumb1_case_uhi.o)
                0x0000000000002c44                __gnu_thumb1_case_uhi

.text.main%119  0x0000000000002c58       0x12
 .text.main     0x0000000000002c58       0x12 build/default/production/_ext/1360937237/main.o
                0x0000000000002c58                main

.text.__dinit_clear%120
                0x0000000000002c6a       0x12
 .text.__dinit_clear
                0x0000000000002c6a       0x12 c:/program files/microchip/xc32/v4.45/bin/bin/../../lib/gcc/pic32c/8.3.1/../../../../pic32c/lib/thumb/v6-m/nofp\libpic32c.a(pic32_data_init_clear.o)
                0x0000000000002c6a                __dinit_clear
                0x0000000000002c6a                __dinit_clear_needed

.text.qtm_update_qtlib_timer%121
                0x0000000000002c7c       0x10
 .text.qtm_update_qtlib_timer
                0x0000000000002c7c       0x10 ..\src\config\default\touch\lib\qtm_touch_key_cm0p_0x0002.X.a(sam_touch_key_x_cm0p.o)
                0x0000000000002c7c                qtm_update_qtlib_timer

.text.NVMCTRL_Initialize%122
                0x0000000000002c8c        0xc
 .text.NVMCTRL_Initialize
                0x0000000000002c8c        0xc build/default/production/_ext/1593096446/plib_nvmctrl.o
                0x0000000000002c8c                NVMCTRL_Initialize

.text.RTC_Timer32CallbackRegister%123
                0x0000000000002c98        0xc
 .text.RTC_Timer32CallbackRegister
                0x0000000000002c98        0xc build/default/production/_ext/60180175/plib_rtc_timer.o
                0x0000000000002c98                RTC_Timer32CallbackRegister

.text.SERCOM0_USART_WriteCallbackRegister%124
                0x0000000000002ca4        0xc
 .text.SERCOM0_USART_WriteCallbackRegister
                0x0000000000002ca4        0xc build/default/production/_ext/504274921/plib_sercom0_usart.o
                0x0000000000002ca4                SERCOM0_USART_WriteCallbackRegister

.text.SERCOM0_USART_ReadCallbackRegister%125
                0x0000000000002cb0        0xc
 .text.SERCOM0_USART_ReadCallbackRegister
                0x0000000000002cb0        0xc build/default/production/_ext/504274921/plib_sercom0_usart.o
                0x0000000000002cb0                SERCOM0_USART_ReadCallbackRegister

.rodata.frame_len_lookup%126
                0x0000000000002cbc        0xc
 .rodata.frame_len_lookup
                0x0000000000002cbc        0xc build/default/production/_ext/162237794/touchTune.o

.text.qtm_measure_complete_callback%127
                0x0000000000002cc8        0xc
 .text.qtm_measure_complete_callback
                0x0000000000002cc8        0xc build/default/production/_ext/162237794/touch.o

.text.PTC_Handler%128
                0x0000000000002cd4        0xc
 .text.PTC_Handler
                0x0000000000002cd4        0xc build/default/production/_ext/162237794/touch.o
                0x0000000000002cd4                PTC_Handler

.text.getDebugIndex%129
                0x0000000000002ce0        0xa
 .text.getDebugIndex
                0x0000000000002ce0        0xa build/default/production/_ext/162237794/touchTune.o
                0x0000000000002ce0                getDebugIndex

.rodata.debug_frame_PointerArray%130
                0x0000000000002cec        0x8
 .rodata.debug_frame_PointerArray
                0x0000000000002cec        0x8 build/default/production/_ext/162237794/touchTune.o

.rodata.debug_func_ptr%131
                0x0000000000002cf4        0x8
 .rodata.debug_func_ptr
                0x0000000000002cf4        0x8 build/default/production/_ext/162237794/touchTune.o

.text.rtc_cb%132
                0x0000000000002cfc        0x8
 .text.rtc_cb   0x0000000000002cfc        0x8 build/default/production/_ext/162237794/touch.o
                0x0000000000002cfc                rtc_cb

.rodata.debug_frame_data_len%133
                0x0000000000002d04        0x4
 .rodata.debug_frame_data_len
                0x0000000000002d04        0x4 build/default/production/_ext/162237794/touchTune.o

.rodata.debug_frame_id%134
                0x0000000000002d08        0x4
 .rodata.debug_frame_id
                0x0000000000002d08        0x4 build/default/production/_ext/162237794/touchTune.o

.rodata.debug_frame_total_len%135
                0x0000000000002d0c        0x4
 .rodata.debug_frame_total_len
                0x0000000000002d0c        0x4 build/default/production/_ext/162237794/touchTune.o

.rodata.debug_num_ch_scroller%136
                0x0000000000002d10        0x4
 .rodata.debug_num_ch_scroller
                0x0000000000002d10        0x4 build/default/production/_ext/162237794/touchTune.o

.text.__dummy_decompress%137
                0x0000000000002d14        0x4
 .text.__dummy_decompress
                0x0000000000002d14        0x4 c:/program files/microchip/xc32/v4.45/bin/bin/../../lib/gcc/pic32c/8.3.1/../../../../pic32c/lib/thumb/v6-m/nofp\libpic32c.a(data_init.o)
                0x0000000000002d14                __dinit_decompress
                0x0000000000002d14                __dinit_copy_val_data
                0x0000000000002d14                __dinit_copy_emb

.text.Dummy_App_Func%138
                0x00000000000019be        0x2
 .text.Dummy_App_Func
                0x00000000000019be        0x2 build/default/production/_ext/1171490990/startup_xc32.o
                0x00000000000019be                _on_reset
                0x00000000000019be                _on_bootstrap
                0x00000000000019be                __xc32_on_reset
                0x00000000000019be                Dummy_App_Func
                0x00000000000019be                __xc32_on_bootstrap

.text.Dummy_Handler%139
                0x000000000000218a        0x2
 .text.Dummy_Handler
                0x000000000000218a        0x2 build/default/production/_ext/1171490990/interrupts.o
                0x000000000000218a                SVCall_Handler
                0x000000000000218a                DMAC_Handler
                0x000000000000218a                AC_Handler
                0x000000000000218a                SysTick_Handler
                0x000000000000218a                PendSV_Handler
                0x000000000000218a                TC7_Handler
                0x000000000000218a                SERCOM1_Handler
                0x000000000000218a                ADC_Handler
                0x000000000000218a                TCC1_Handler
                0x000000000000218a                TCC0_Handler
                0x000000000000218a                EIC_Handler
                0x000000000000218a                TC6_Handler
                0x000000000000218a                WDT_Handler
                0x000000000000218a                TC4_Handler
                0x000000000000218a                USB_Handler
                0x000000000000218a                TC3_Handler
                0x000000000000218a                Dummy_Handler
                0x000000000000218a                PM_Handler
                0x000000000000218a                SERCOM5_Handler
                0x000000000000218a                TCC3_Handler
                0x000000000000218a                TCC2_Handler
                0x000000000000218a                EVSYS_Handler
                0x000000000000218a                SERCOM3_Handler
                0x000000000000218a                SERCOM4_Handler
                0x000000000000218a                I2S_Handler
                0x000000000000218a                NVMCTRL_Handler
                0x000000000000218a                DAC_Handler
                0x000000000000218a                TC5_Handler
                0x000000000000218a                SYSCTRL_Handler

.text.NonMaskableInt_Handler%140
                0x0000000000002cea        0x2
 .text.NonMaskableInt_Handler
                0x0000000000002cea        0x2 build/default/production/_ext/1171490990/exceptions.o
                0x0000000000002cea                NonMaskableInt_Handler

.text.HardFault_Handler%141
                0x0000000000002d18        0x2
 .text.HardFault_Handler
                0x0000000000002d18        0x2 build/default/production/_ext/1171490990/exceptions.o
                0x0000000000002d18                HardFault_Handler

.text.__dummy%142
                0x0000000000002d1a        0x2
 .text.__dummy  0x0000000000002d1a        0x2 c:/program files/microchip/xc32/v4.45/bin/bin/../../lib/gcc/pic32c/8.3.1/../../../../pic32c/lib/thumb/v6-m/nofp\libc-musl.a(__libc_start_main.o)
                0x0000000000002d1a                __init_stdio
                0x0000000000002d1a                __init_host
